[13:55:22.826884 ERROR] [openstudio.XMLValidator] xsdValidate.parseFileError: XML error 17.1871: Element 'uid': This element is not expected. Expected is ( name ).
    at file:/c:/All%20repos/openstudio-ee-gem/lib/measures/IncreaseInsulationRValueForExteriorWalls/measure.xml:3
[13:55:22.826884 WARN] [utilities.bcl.BCLXML] Failed to validate measure.xml at c:/All repos/openstudio-ee-gem/lib/measures/IncreaseInsulationRValueForExteriorWalls/measure.xml
[13:55:22.827885 FATAL] [utilities.bcl.BCLMeasure] 'c:/All repos/openstudio-ee-gem/lib/measures/IncreaseInsulationRValueForExteriorWalls' is missing the required attribute "Measure Type"
[13:55:22.827885 ERROR] [openstudio.WorkflowJSON] Cannot load measure 'IncreaseInsulationRValueForExteriorWalls' at 'c:/All repos/openstudio-ee-gem/lib/measures/IncreaseInsulationRValueForExteriorWalls'
[13:55:22.845895 ERROR] [openstudio.XMLValidator] xsdValidate.parseFileError: XML error 17.1871: Element 'uid': This element is not expected. Expected is ( name ).
    at file:/c:/All%20repos/openstudio-ee-gem/lib/measures/ReportRetrofitImpacts/measure.xml:3
[13:55:22.845895 WARN] [utilities.bcl.BCLXML] Failed to validate measure.xml at c:/All repos/openstudio-ee-gem/lib/measures/ReportRetrofitImpacts/measure.xml
[13:55:22.846899 FATAL] [utilities.bcl.BCLMeasure] 'c:/All repos/openstudio-ee-gem/lib/measures/ReportRetrofitImpacts' is missing the required attribute "Measure Type"
[13:55:22.846899 ERROR] [openstudio.WorkflowJSON] Cannot load measure 'ReportRetrofitImpacts' at 'c:/All repos/openstudio-ee-gem/lib/measures/ReportRetrofitImpacts'
[13:55:22.846899 FATAL] [openstudio.workflow.OSWorkflow] Workflow is invalid
[13:55:22.846899 ERROR] [openstudio.workflow.OSWorkflow] Found error in state 'Initialization' with message: 'D:\OSN\Openstudio\src\workflow\RunInitialization.cpp@63 : Workflow is invalid'
[13:55:22.860884 ERROR] [openstudio.XMLValidator] xsdValidate.parseFileError: XML error 17.1871: Element 'uid': This element is not expected. Expected is ( name ).
    at file:/c:/All%20repos/openstudio-ee-gem/lib/measures/IncreaseInsulationRValueForExteriorWalls/measure.xml:3
[13:55:22.861884 WARN] [utilities.bcl.BCLXML] Failed to validate measure.xml at c:/All repos/openstudio-ee-gem/lib/measures/IncreaseInsulationRValueForExteriorWalls/measure.xml
[13:55:22.863884 FATAL] [utilities.bcl.BCLMeasure] 'c:/All repos/openstudio-ee-gem/lib/measures/IncreaseInsulationRValueForExteriorWalls' is missing the required attribute "Measure Type"
[13:55:22.868885 ERROR] [openstudio.XMLValidator] xsdValidate.parseFileError: XML error 17.1871: Element 'uid': This element is not expected. Expected is ( name ).
    at file:/c:/All%20repos/openstudio-ee-gem/lib/measures/ReportRetrofitImpacts/measure.xml:3
[13:55:22.869885 WARN] [utilities.bcl.BCLXML] Failed to validate measure.xml at c:/All repos/openstudio-ee-gem/lib/measures/ReportRetrofitImpacts/measure.xml
[13:55:22.871388 FATAL] [utilities.bcl.BCLMeasure] 'c:/All repos/openstudio-ee-gem/lib/measures/ReportRetrofitImpacts' is missing the required attribute "Measure Type"
