Program Version,EnergyPlus, Version 25.2.0-cf7368216c, YMD=2026.02.18 17:32,
   ************* Beginning Zone Sizing Calculations
   ** Warning ** CheckUsedConstructions: There are 12 nominally unused constructions in input.
   **   ~~~   ** For explicit details on each unused construction, use Output:Diagnostics,DisplayExtraWarnings;
   ** Warning ** GetInternalHeatGains: People="OFFICE WHOLEBUILDING - SM OFFICE PEOPLE" has comfort related schedules but no thermal comfort model selected.
   **   ~~~   ** If schedules are specified for air velocity, clothing insulation, and/or work efficiency but no thermal comfort
   **   ~~~   ** thermal comfort model is selected, the schedules will be listed as unused schedules in the .err file.
   **   ~~~   ** To avoid these errors, select a valid thermal comfort model or eliminate these schedules in the PEOPLE input.
   ** Warning ** GetInternalHeatGains: People="OFFICE WHOLEBUILDING - SM OFFICE PEOPLE" has comfort related schedules but no thermal comfort model selected.
   **   ~~~   ** If schedules are specified for air velocity, clothing insulation, and/or work efficiency but no thermal comfort
   **   ~~~   ** thermal comfort model is selected, the schedules will be listed as unused schedules in the .err file.
   **   ~~~   ** To avoid these errors, select a valid thermal comfort model or eliminate these schedules in the PEOPLE input.
   ** Warning ** GetInternalHeatGains: People="OFFICE WHOLEBUILDING - SM OFFICE PEOPLE" has comfort related schedules but no thermal comfort model selected.
   **   ~~~   ** If schedules are specified for air velocity, clothing insulation, and/or work efficiency but no thermal comfort
   **   ~~~   ** thermal comfort model is selected, the schedules will be listed as unused schedules in the .err file.
   **   ~~~   ** To avoid these errors, select a valid thermal comfort model or eliminate these schedules in the PEOPLE input.
   ** Warning ** GetInternalHeatGains: People="OFFICE WHOLEBUILDING - SM OFFICE PEOPLE" has comfort related schedules but no thermal comfort model selected.
   **   ~~~   ** If schedules are specified for air velocity, clothing insulation, and/or work efficiency but no thermal comfort
   **   ~~~   ** thermal comfort model is selected, the schedules will be listed as unused schedules in the .err file.
   **   ~~~   ** To avoid these errors, select a valid thermal comfort model or eliminate these schedules in the PEOPLE input.
   ** Warning ** GetInternalHeatGains: People="OFFICE WHOLEBUILDING - SM OFFICE PEOPLE" has comfort related schedules but no thermal comfort model selected.
   **   ~~~   ** If schedules are specified for air velocity, clothing insulation, and/or work efficiency but no thermal comfort
   **   ~~~   ** thermal comfort model is selected, the schedules will be listed as unused schedules in the .err file.
   **   ~~~   ** To avoid these errors, select a valid thermal comfort model or eliminate these schedules in the PEOPLE input.
   ************* Beginning System Sizing Calculations
   ** Warning ** GetDXCoils: Coil:Cooling:DX:SingleSpeed="ZONE CORE SPACE - STORY GROUND PSZ-AC 1SPD DX AC CLG COIL 17KBTU/HR 9.7SEER", invalid
   **   ~~~   ** ...Part Load Fraction Correlation Curve Name = COILCLGDXEIRRATIO_FQFRAC has out of range value.
   **   ~~~   ** ...Curve maximum must be <= 1.0, curve max at PLR = 0.99 is 1.018
   **   ~~~   ** ...Setting curve maximum to 1.0 and simulation continues.
   ************* Beginning Plant Sizing Calculations
   ** Warning ** GetOAControllerInputs: Controller:MechanicalVentilation="CONTROLLER MECHANICAL VENTILATION 1"
   **   ~~~   ** Cannot locate a matching DesignSpecification:ZoneAirDistribution object for Zone="ZONE CORE SPACE - STORY GROUND".
   **   ~~~   ** Using default zone air distribution effectiveness of 1.0 for heating and cooling.
   ** Warning ** GetOAControllerInputs: Controller:MechanicalVentilation="CONTROLLER MECHANICAL VENTILATION 2"
   **   ~~~   ** Cannot locate a matching DesignSpecification:ZoneAirDistribution object for Zone="ZONE EAST PERIMETER SPACE - STORY GROUND".
   **   ~~~   ** Using default zone air distribution effectiveness of 1.0 for heating and cooling.
   ** Warning ** GetOAControllerInputs: Controller:MechanicalVentilation="CONTROLLER MECHANICAL VENTILATION 3"
   **   ~~~   ** Cannot locate a matching DesignSpecification:ZoneAirDistribution object for Zone="ZONE NORTH PERIMETER SPACE - STORY GROUND".
   **   ~~~   ** Using default zone air distribution effectiveness of 1.0 for heating and cooling.
   ** Warning ** GetOAControllerInputs: Controller:MechanicalVentilation="CONTROLLER MECHANICAL VENTILATION 4"
   **   ~~~   ** Cannot locate a matching DesignSpecification:ZoneAirDistribution object for Zone="ZONE SOUTH PERIMETER SPACE - STORY GROUND".
   **   ~~~   ** Using default zone air distribution effectiveness of 1.0 for heating and cooling.
   ** Warning ** GetOAControllerInputs: Controller:MechanicalVentilation="CONTROLLER MECHANICAL VENTILATION 5"
   **   ~~~   ** Cannot locate a matching DesignSpecification:ZoneAirDistribution object for Zone="ZONE WEST PERIMETER SPACE - STORY GROUND".
   **   ~~~   ** Using default zone air distribution effectiveness of 1.0 for heating and cooling.
   ** Warning ** The Standard Ratings is calculated for Coil:Cooling:DX:SingleSpeed = ZONE CORE SPACE - STORY GROUND PSZ-AC 1SPD DX AC CLG COIL 17KBTU/HR 9.7SEER but not at the AHRI test condition due to curve out of bound.
   **   ~~~   **  Review the Standard Ratings calculations in the Engineering Reference for this coil type. Also, use Output:Diagnostics, DisplayExtraWarnings for further guidance.
   ** Warning ** The Standard Ratings is calculated for Coil:Cooling:DX:SingleSpeed = ZONE EAST PERIMETER SPACE - STORY GROUND PSZ-AC 1SPD DX AC CLG COIL 9KBTU/HR 9.7SEER but not at the AHRI test condition due to curve out of bound.
   **   ~~~   **  Review the Standard Ratings calculations in the Engineering Reference for this coil type. Also, use Output:Diagnostics, DisplayExtraWarnings for further guidance.
   ** Warning ** The Standard Ratings is calculated for Coil:Cooling:DX:SingleSpeed = ZONE NORTH PERIMETER SPACE - STORY GROUND PSZ-AC 1SPD DX AC CLG COIL 14KBTU/HR 9.7SEER but not at the AHRI test condition due to curve out of bound.
   **   ~~~   **  Review the Standard Ratings calculations in the Engineering Reference for this coil type. Also, use Output:Diagnostics, DisplayExtraWarnings for further guidance.
   ** Warning ** The Standard Ratings is calculated for Coil:Cooling:DX:SingleSpeed = ZONE SOUTH PERIMETER SPACE - STORY GROUND PSZ-AC 1SPD DX AC CLG COIL 13KBTU/HR 9.7SEER but not at the AHRI test condition due to curve out of bound.
   **   ~~~   **  Review the Standard Ratings calculations in the Engineering Reference for this coil type. Also, use Output:Diagnostics, DisplayExtraWarnings for further guidance.
   ** Warning ** The Standard Ratings is calculated for Coil:Cooling:DX:SingleSpeed = ZONE WEST PERIMETER SPACE - STORY GROUND PSZ-AC 1SPD DX AC CLG COIL 9KBTU/HR 9.7SEER but not at the AHRI test condition due to curve out of bound.
   **   ~~~   **  Review the Standard Ratings calculations in the Engineering Reference for this coil type. Also, use Output:Diagnostics, DisplayExtraWarnings for further guidance.
   ** Warning ** Output:Meter: invalid Key Name="DISTRICTHEATINGWATER:FACILITY" - not found.
   ** Warning ** Output:Meter: invalid Key Name="DISTRICTCOOLING:FACILITY" - not found.
   ** Warning ** Output:Meter:MeterFileOnly requested for "Electricity:Facility" (TimeStep), already on "Output:Meter". Will report to both eplusout.eso and eplusout.mtr
   ************* Testing Individual Branch Integrity
   ************* All Branches passed integrity testing
   ************* Testing Individual Supply Air Path Integrity
   ************* All Supply Air Paths passed integrity testing
   ************* Testing Individual Return Air Path Integrity
   ************* All Return Air Paths passed integrity testing
   ************* No node connection errors were found.
   ************* Beginning Simulation
   ** Warning ** CalcOAController: Minimum OA fraction > Mechanical Ventilation Controller request for Controller:OutdoorAir=ZONE CORE SPACE - STORY GROUND PSZ-AC OA SYSTEM CONTROLLER, Min OA fraction is used.
   **   ~~~   ** This may be overriding desired ventilation controls. Check inputs for Minimum Outdoor Air Flow Rate, Minimum Outdoor Air Schedule Name and Controller:MechanicalVentilation
   **   ~~~   ** Minimum OA fraction = 0.2451, Mech Vent OA fraction = 2.1589E-002
   **   ~~~   **  Environment=RUN PERIOD 1, at Simulation time=01/01 00:00 - 00:10
   ** Warning ** CalcOAController: Minimum OA fraction > Mechanical Ventilation Controller request for Controller:OutdoorAir=ZONE EAST PERIMETER SPACE - STORY GROUND PSZ-AC OA SYSTEM CONTROLLER, Min OA fraction is used.
   **   ~~~   ** This may be overriding desired ventilation controls. Check inputs for Minimum Outdoor Air Flow Rate, Minimum Outdoor Air Schedule Name and Controller:MechanicalVentilation
   **   ~~~   ** Minimum OA fraction = 0.1991, Mech Vent OA fraction = 7.3778E-002
   **   ~~~   **  Environment=RUN PERIOD 1, at Simulation time=01/01 00:00 - 00:10
   ** Warning ** CalcOAController: Minimum OA fraction > Mechanical Ventilation Controller request for Controller:OutdoorAir=ZONE NORTH PERIMETER SPACE - STORY GROUND PSZ-AC OA SYSTEM CONTROLLER, Min OA fraction is used.
   **   ~~~   ** This may be overriding desired ventilation controls. Check inputs for Minimum Outdoor Air Flow Rate, Minimum Outdoor Air Schedule Name and Controller:MechanicalVentilation
   **   ~~~   ** Minimum OA fraction = 0.2164, Mech Vent OA fraction = 8.3448E-002
   **   ~~~   **  Environment=RUN PERIOD 1, at Simulation time=01/01 00:00 - 00:10
   ** Warning ** CalcOAController: Minimum OA fraction > Mechanical Ventilation Controller request for Controller:OutdoorAir=ZONE SOUTH PERIMETER SPACE - STORY GROUND PSZ-AC OA SYSTEM CONTROLLER, Min OA fraction is used.
   **   ~~~   ** This may be overriding desired ventilation controls. Check inputs for Minimum Outdoor Air Flow Rate, Minimum Outdoor Air Schedule Name and Controller:MechanicalVentilation
   **   ~~~   ** Minimum OA fraction = 0.2169, Mech Vent OA fraction = 6.2584E-002
   **   ~~~   **  Environment=RUN PERIOD 1, at Simulation time=01/01 00:00 - 00:10
   ** Warning ** CalcOAController: Minimum OA fraction > Mechanical Ventilation Controller request for Controller:OutdoorAir=ZONE WEST PERIMETER SPACE - STORY GROUND PSZ-AC OA SYSTEM CONTROLLER, Min OA fraction is used.
   **   ~~~   ** This may be overriding desired ventilation controls. Check inputs for Minimum Outdoor Air Flow Rate, Minimum Outdoor Air Schedule Name and Controller:MechanicalVentilation
   **   ~~~   ** Minimum OA fraction = 0.1996, Mech Vent OA fraction = 7.2682E-002
   **   ~~~   **  Environment=RUN PERIOD 1, at Simulation time=01/01 00:00 - 00:10
   ** Warning ** Processing Monthly Tabular Reports: Variable names not valid for this simulation
   **   ~~~   ** ...use Output:Diagnostics,DisplayExtraWarnings; to show more details on individual variables.
   ** Warning ** CalcEquipmentFlowRates: "OFFICE WHOLEBUILDING - SM OFFICE - 90.1-2004 SERVICE WATER USE 0.05GPM 140F" - Target water temperature is greater than the hot water temperature by (38.90 C)
   **   ~~~   **  Environment=RUN PERIOD 1, at Simulation time=01/02 07:00 - 07:10
   **   ~~~   ** ...target water temperature     = 60.00 C
   **   ~~~   ** ...hot water temperature        = 21.10 C
   **   ~~~   ** ...Target water temperature should be less than or equal to the hot water temperature. Verify temperature setpoints and schedules.
   ** Warning ** Temperature out of range [-100. to 200.] (PsyPsatFnTemp)
   **   ~~~   **  Routine=PsyTwbFnTdbWPb, Environment=RUN PERIOD 1, at Simulation time=03/10 04:40 - 04:50
   **   ~~~   **  Input Temperature=-1045.24
   ** Warning ** WetBulb not converged after 101 iterations(PsyTwbFnTdbWPb)
   **   ~~~   **  Routine=Unknown, Environment=RUN PERIOD 1, at Simulation time=03/14 11:50 - 12:00
   **   ~~~   **  Input Temperature = 6.69
   **   ~~~   **  Input Humidity Ratio= 1.927576E-003
   **   ~~~   **  Input Pressure = 82600.00
   **   ~~~   **  Resultant Temperature= 5.56E-003
   ** Warning ** SimHVAC: Maximum iterations (20) exceeded for all HVAC loops, at RUN PERIOD 1, 06/11 19:40 - 19:50
   **   ~~~   ** The solution for one or more of the Air Loop HVAC systems did not appear to converge
   **   ~~~   ** ...use Output:Diagnostics,DisplayExtraWarnings; to show more details on each max iteration exceeded.
   ** Warning ** SimHVAC: Maximum iterations (20) exceeded for all HVAC loops, at RUN PERIOD 1, 06/26 01:00 - 01:10
   **   ~~~   ** The solution for one or more of the Air Loop HVAC systems did not appear to converge
   ** Warning ** SimHVAC: Maximum iterations (20) exceeded for all HVAC loops, at RUN PERIOD 1, 07/01 21:30 - 21:40
   **   ~~~   ** The solution for one or more of the Air Loop HVAC systems did not appear to converge
   ** Warning ** SimHVAC: Maximum iterations (20) exceeded for all HVAC loops, at RUN PERIOD 1, 07/08 15:30 - 15:40
   **   ~~~   ** The solution for one or more of the Air Loop HVAC systems did not appear to converge
   ** Warning ** SimHVAC: Maximum iterations (20) exceeded for all HVAC loops, at RUN PERIOD 1, 07/17 02:40 - 02:50
   **   ~~~   ** The solution for one or more of the Air Loop HVAC systems did not appear to converge
   ** Warning ** SimHVAC: Maximum iterations (20) exceeded for all HVAC loops, at RUN PERIOD 1, 08/05 22:20 - 22:30
   **   ~~~   ** The solution for one or more of the Air Loop HVAC systems did not appear to converge
   ** Warning ** SimHVAC: Maximum iterations (20) exceeded for all HVAC loops, at RUN PERIOD 1, 08/07 19:10 - 19:20
   **   ~~~   ** The solution for one or more of the Air Loop HVAC systems did not appear to converge
   ** Warning ** SimHVAC: Maximum iterations (20) exceeded for all HVAC loops, at RUN PERIOD 1, 08/07 20:00 - 20:10
   **   ~~~   ** The solution for one or more of the Air Loop HVAC systems did not appear to converge
   ** Warning ** The resource referenced by LifeCycleCost:UsePriceEscalation= "U.S. AVG  COMMERCIAL-ELECTRICITY" has no energy cost. 
   **   ~~~   ** ... It is likely that the wrong resource is used. The resource should match the meter used in Utility:Tariff.
   ** Warning ** The resource referenced by LifeCycleCost:UsePriceEscalation= "U.S. AVG  COMMERCIAL-DISTILLATE OIL" has no energy cost. 
   **   ~~~   ** ... It is likely that the wrong resource is used. The resource should match the meter used in Utility:Tariff.
   ** Warning ** The resource referenced by LifeCycleCost:UsePriceEscalation= "U.S. AVG  COMMERCIAL-RESIDUAL OIL" has no energy cost. 
   **   ~~~   ** ... It is likely that the wrong resource is used. The resource should match the meter used in Utility:Tariff.
   ** Warning ** The resource referenced by LifeCycleCost:UsePriceEscalation= "U.S. AVG  COMMERCIAL-NATURAL GAS" has no energy cost. 
   **   ~~~   ** ... It is likely that the wrong resource is used. The resource should match the meter used in Utility:Tariff.
   ** Warning ** The resource referenced by LifeCycleCost:UsePriceEscalation= "U.S. AVG  COMMERCIAL-COAL" has no energy cost. 
   **   ~~~   ** ... It is likely that the wrong resource is used. The resource should match the meter used in Utility:Tariff.
   ************* Simulation Error Summary *************
   ************* There are 5 unused schedules in input.
   ************* There are 1 unused day schedules in input.
   ************* Use Output:Diagnostics,DisplayUnusedSchedules; to see them.
   *************
   ************* ===== Recurring Error Summary =====
   ************* The following recurring error messages occurred.
   *************
   *************  ** Warning ** Controller:OutdoorAir="ZONE CORE SPACE - STORY GROUND PSZ-AC OA SYSTEM CONTROLLER": Min OA fraction > Mechanical ventilation OA fraction, continues...
   *************  **   ~~~   **   This error occurred 26129 total times;
   *************  **   ~~~   **   during Warmup 0 times;
   *************  **   ~~~   **   during Sizing 0 times.
   *************  **   ~~~   **   Max=0.245134  Min=0.245134
   *************
   *************  ** Warning ** Controller:OutdoorAir="ZONE EAST PERIMETER SPACE - STORY GROUND PSZ-AC OA SYSTEM CONTROLLER": Min OA fraction > Mechanical ventilation OA fraction, continues...
   *************  **   ~~~   **   This error occurred 67755 total times;
   *************  **   ~~~   **   during Warmup 0 times;
   *************  **   ~~~   **   during Sizing 0 times.
   *************  **   ~~~   **   Max=0.199144  Min=0.199144
   *************
   *************  ** Warning ** Controller:OutdoorAir="ZONE NORTH PERIMETER SPACE - STORY GROUND PSZ-AC OA SYSTEM CONTROLLER": Min OA fraction > Mechanical ventilation OA fraction, continues...
   *************  **   ~~~   **   This error occurred 64235 total times;
   *************  **   ~~~   **   during Warmup 0 times;
   *************  **   ~~~   **   during Sizing 0 times.
   *************  **   ~~~   **   Max=0.216385  Min=0.216385
   *************
   *************  ** Warning ** Controller:OutdoorAir="ZONE SOUTH PERIMETER SPACE - STORY GROUND PSZ-AC OA SYSTEM CONTROLLER": Min OA fraction > Mechanical ventilation OA fraction, continues...
   *************  **   ~~~   **   This error occurred 46215 total times;
   *************  **   ~~~   **   during Warmup 0 times;
   *************  **   ~~~   **   during Sizing 0 times.
   *************  **   ~~~   **   Max=0.216917  Min=0.216917
   *************
   *************  ** Warning ** Controller:OutdoorAir="ZONE WEST PERIMETER SPACE - STORY GROUND PSZ-AC OA SYSTEM CONTROLLER": Min OA fraction > Mechanical ventilation OA fraction, continues...
   *************  **   ~~~   **   This error occurred 65823 total times;
   *************  **   ~~~   **   during Warmup 0 times;
   *************  **   ~~~   **   during Sizing 0 times.
   *************  **   ~~~   **   Max=0.199641  Min=0.199641
   *************
   *************  ** Warning ** "OFFICE WHOLEBUILDING - SM OFFICE - 90.1-2004 SERVICE WATER USE 0.05GPM 140F" - Target water temperature should be less than or equal to the hot water temperature error continues...
   *************  **   ~~~   **   This error occurred 214807 total times;
   *************  **   ~~~   **   during Warmup 0 times;
   *************  **   ~~~   **   during Sizing 0 times.
   *************  **   ~~~   **   Max=38.900000  Min=31.395866
   *************
   *************  ** Warning ** Temperature out of range [-100. to 200.] (PsyPsatFnTemp)
   *************  **   ~~~   **   This error occurred 3 total times;
   *************  **   ~~~   **   during Warmup 0 times;
   *************  **   ~~~   **   during Sizing 0 times.
   *************  **   ~~~   **   Max=-206.475311 C  Min=-1045.249084 C
   *************
   *************  ** Warning ** WetBulb not converged after max iterations(PsyTwbFnTdbWPb)
   *************  **   ~~~   **   This error occurred 1 total times;
   *************  **   ~~~   **   during Warmup 0 times;
   *************  **   ~~~   **   during Sizing 0 times.
   *************
   *************
   ************* ===== Final Error Summary =====
   ************* The following error categories occurred.  Consider correcting or noting.
   ************* Nominally Unused Constructions
   ************* ..The nominally unused constructions warning is provided to alert you to potential conditions that can cause
   ************* ..extra time during simulation. Each construction is calculated by the algorithm indicated in the HeatBalanceAlgorithm
   ************* ..object. You may remove the constructions indicated (when you use the DisplayExtraWarnings option).
   *************
   ************* EnergyPlus Warmup Error Summary. During Warmup: 0 Warning; 0 Severe Errors.
   ************* EnergyPlus Sizing Error Summary. During Sizing: 7 Warning; 0 Severe Errors.
   ************* EnergyPlus Completed Successfully-- 485008 Warning; 0 Severe Errors; Elapsed Time=00hr 00min 44.16sec
